// Vitest Snapshot v1, https://vitest.dev/guide/snapshot.html

exports[`Calc agent with Nock replay > returns a deterministic response 1`] = `
{
  "messages": [
    {
      "additional_kwargs": {},
      "content": "What is 2 + 2?",
      "id": "REDACTED",
      "lc_kwargs": {
        "additional_kwargs": {},
        "content": "What is 2 + 2?",
        "id": "REDACTED",
        "response_metadata": {},
      },
      "lc_namespace": [
        "langchain_core",
        "messages",
      ],
      "lc_serializable": true,
      "name": undefined,
      "response_metadata": {},
      "type": "human",
      Symbol(langchain.message): true,
    },
    {
      "additional_kwargs": {
        "function_call": undefined,
        "tool_calls": [
          {
            "function": {
              "arguments": "{"a":2,"b":2}",
              "name": "add",
            },
            "id": "call_REDACTED",
            "type": "function",
          },
        ],
      },
      "content": "",
      "id": "chatcmpl-REDACTED",
      "invalid_tool_calls": [],
      "lc_kwargs": {
        "additional_kwargs": {
          "function_call": undefined,
          "tool_calls": [
            {
              "function": {
                "arguments": "{"a":2,"b":2}",
                "name": "add",
              },
              "id": "call_REDACTED",
              "type": "function",
            },
          ],
        },
        "content": "",
        "id": "chatcmpl-REDACTED",
        "invalid_tool_calls": [],
        "name": undefined,
        "response_metadata": {
          "model_name": "gpt-4o-mini-2024-07-18",
          "model_provider": "openai",
          "system_fingerprint": "fp_51db84afab",
          "usage": {
            "completion_tokens": 17,
            "completion_tokens_details": {
              "accepted_prediction_tokens": 0,
              "audio_tokens": 0,
              "reasoning_tokens": 0,
              "rejected_prediction_tokens": 0,
            },
            "prompt_tokens": 74,
            "prompt_tokens_details": {
              "audio_tokens": 0,
              "cached_tokens": 0,
            },
            "total_tokens": 91,
          },
        },
        "tool_calls": [
          {
            "args": {
              "a": 2,
              "b": 2,
            },
            "id": "call_REDACTED",
            "name": "add",
            "type": "tool_call",
          },
        ],
        "type": "ai",
        "usage_metadata": {
          "input_token_details": {
            "audio": 0,
            "cache_read": 0,
          },
          "input_tokens": 74,
          "output_token_details": {
            "audio": 0,
            "reasoning": 0,
          },
          "output_tokens": 17,
          "total_tokens": 91,
        },
      },
      "lc_namespace": [
        "langchain_core",
        "messages",
      ],
      "lc_serializable": true,
      "name": undefined,
      "response_metadata": {
        "finish_reason": "tool_calls",
        "model_name": "gpt-4o-mini-2024-07-18",
        "model_provider": "openai",
        "system_fingerprint": "fp_51db84afab",
        "tokenUsage": {
          "completionTokens": 17,
          "promptTokens": 74,
          "totalTokens": 91,
        },
        "usage": {
          "completion_tokens": 17,
          "completion_tokens_details": {
            "accepted_prediction_tokens": 0,
            "audio_tokens": 0,
            "reasoning_tokens": 0,
            "rejected_prediction_tokens": 0,
          },
          "prompt_tokens": 74,
          "prompt_tokens_details": {
            "audio_tokens": 0,
            "cached_tokens": 0,
          },
          "total_tokens": 91,
        },
      },
      "tool_calls": [
        {
          "args": {
            "a": 2,
            "b": 2,
          },
          "id": "call_REDACTED",
          "name": "add",
          "type": "tool_call",
        },
      ],
      "type": "ai",
      "usage_metadata": {
        "input_token_details": {
          "audio": 0,
          "cache_read": 0,
        },
        "input_tokens": 74,
        "output_token_details": {
          "audio": 0,
          "reasoning": 0,
        },
        "output_tokens": 17,
        "total_tokens": 91,
      },
      Symbol(langchain.message): true,
    },
    {
      "additional_kwargs": {},
      "artifact": undefined,
      "content": "4",
      "id": "REDACTED",
      "lc_direct_tool_output": true,
      "lc_kwargs": {
        "additional_kwargs": {},
        "artifact": undefined,
        "content": "4",
        "id": "REDACTED",
        "name": "add",
        "response_metadata": {},
        "tool_call_id": "call_REDACTED",
      },
      "lc_namespace": [
        "langchain_core",
        "messages",
      ],
      "lc_serializable": true,
      "name": "add",
      "response_metadata": {},
      "status": undefined,
      "tool_call_id": "call_REDACTED",
      "type": "tool",
      Symbol(langchain.message): true,
    },
    {
      "additional_kwargs": {
        "function_call": undefined,
        "tool_calls": undefined,
      },
      "content": "2 + 2 equals 4.",
      "id": "chatcmpl-REDACTED",
      "invalid_tool_calls": [],
      "lc_kwargs": {
        "additional_kwargs": {
          "function_call": undefined,
          "tool_calls": undefined,
        },
        "content": "2 + 2 equals 4.",
        "id": "chatcmpl-REDACTED",
        "invalid_tool_calls": [],
        "name": undefined,
        "response_metadata": {
          "model_name": "gpt-4o-mini-2024-07-18",
          "model_provider": "openai",
          "system_fingerprint": "fp_51db84afab",
          "usage": {
            "completion_tokens": 9,
            "completion_tokens_details": {
              "accepted_prediction_tokens": 0,
              "audio_tokens": 0,
              "reasoning_tokens": 0,
              "rejected_prediction_tokens": 0,
            },
            "prompt_tokens": 99,
            "prompt_tokens_details": {
              "audio_tokens": 0,
              "cached_tokens": 0,
            },
            "total_tokens": 108,
          },
        },
        "tool_calls": [],
        "type": "ai",
        "usage_metadata": {
          "input_token_details": {
            "audio": 0,
            "cache_read": 0,
          },
          "input_tokens": 99,
          "output_token_details": {
            "audio": 0,
            "reasoning": 0,
          },
          "output_tokens": 9,
          "total_tokens": 108,
        },
      },
      "lc_namespace": [
        "langchain_core",
        "messages",
      ],
      "lc_serializable": true,
      "name": undefined,
      "response_metadata": {
        "finish_reason": "stop",
        "model_name": "gpt-4o-mini-2024-07-18",
        "model_provider": "openai",
        "system_fingerprint": "fp_51db84afab",
        "tokenUsage": {
          "completionTokens": 9,
          "promptTokens": 99,
          "totalTokens": 108,
        },
        "usage": {
          "completion_tokens": 9,
          "completion_tokens_details": {
            "accepted_prediction_tokens": 0,
            "audio_tokens": 0,
            "reasoning_tokens": 0,
            "rejected_prediction_tokens": 0,
          },
          "prompt_tokens": 99,
          "prompt_tokens_details": {
            "audio_tokens": 0,
            "cached_tokens": 0,
          },
          "total_tokens": 108,
        },
      },
      "tool_calls": [],
      "type": "ai",
      "usage_metadata": {
        "input_token_details": {
          "audio": 0,
          "cache_read": 0,
        },
        "input_tokens": 99,
        "output_token_details": {
          "audio": 0,
          "reasoning": 0,
        },
        "output_tokens": 9,
        "total_tokens": 108,
      },
      Symbol(langchain.message): true,
    },
  ],
}
`;
